2025-06-17 09:24:25: serializer=    
2025-06-17 09:24:25: UserRegistrationSerializer(context={'request': <rest_framework.request.Request: POST '/accounts/register/'>, 'format': None, 'view': <accounts.views.UserRegistrationView object>}, data=<QueryDict: {'referred_by': ['1464395537'], 'referrer_name': ['Tinsae'], 'username': ['Selam_bingo_bot'], 'phone': ['251911934565'], 'password_confirm': ['123456'], 'telegram_id': ['7689314790'], 'password': ['123456']}>):
2025-06-17 09:24:25:     id = IntegerField(label='ID', read_only=True)
2025-06-17 09:24:25:     username = CharField(max_length=150, validators=[<django.core.validators.RegexValidator object>, <UniqueValidator(queryset=TelegramUser.objects.all())>])
2025-06-17 09:24:25:     password = CharField(max_length=128)
2025-06-17 09:24:25:     password_confirm = CharField(label='Confirm Password', write_only=True)
2025-06-17 09:24:25:     telegram_id = IntegerField(label='Telegram ID', max_value=9223372036854775807, min_value=-9223372036854775808)
2025-06-17 09:24:25:     first_name = CharField(allow_blank=True, label='First Name', max_length=64, required=False)
2025-06-17 09:24:25:     last_name = CharField(allow_blank=True, label='Last Name', max_length=64, required=False)
2025-06-17 09:24:25:     telegram_username = CharField(allow_blank=True, label='Telegram Username', max_length=32, required=False)
2025-06-17 09:24:25:     language_code = CharField(allow_blank=True, label='Language Code', max_length=10, required=False)
2025-06-17 09:24:25:     is_bot = BooleanField(label='Is Bot', required=False)
2025-06-17 09:24:25:     created_at = DateTimeField(label='Created At', read_only=True)
2025-06-17 09:24:25:     updated_at = DateTimeField(label='Updated At', read_only=True)
2025-06-17 09:24:25:     groups = PrimaryKeyRelatedField(many=True, queryset=Group.objects.all(), required=False)
2025-06-17 09:24:25:     user_permissions = PrimaryKeyRelatedField(many=True, queryset=Permission.objects.all(), required=False)
2025-06-17 09:24:25:     is_active = BooleanField(help_text='Designates whether this user should be treated as active. Unselect this instead of deleting accounts.', label='Active', required=False)
2025-06-17 09:24:25:     is_staff = BooleanField(help_text='Designates whether the user can log into this admin site.', label='Staff status', required=False)
2025-06-17 09:24:25:     is_superuser = BooleanField(help_text='Designates that this user has all permissions without explicitly assigning them.', label='Superuser status', required=False)
2025-06-17 09:24:25:     last_login = DateTimeField(allow_null=True, required=False)
2025-06-17 09:24:25:     date_joined = DateTimeField(required=False)
2025-06-17 09:24:25:     phone = CharField(allow_blank=True, max_length=32, required=False)
2025-06-17 09:28:49: serializer=    
2025-06-17 09:28:49: UserRegistrationSerializer(context={'request': <rest_framework.request.Request: POST '/accounts/register/'>, 'format': None, 'view': <accounts.views.UserRegistrationView object>}, data=<QueryDict: {'referred_by': ['1464395537'], 'referrer_name': ['Tinsae'], 'username': ['Selam_bingo_bot'], 'phone': ['251911934565'], 'password_confirm': ['123456'], 'telegram_id': ['7689314790'], 'password': ['123456']}>):
2025-06-17 09:28:49:     id = IntegerField(label='ID', read_only=True)
2025-06-17 09:28:49:     username = CharField(max_length=150, validators=[<django.core.validators.RegexValidator object>, <UniqueValidator(queryset=TelegramUser.objects.all())>])
2025-06-17 09:28:49:     password = CharField(max_length=128)
2025-06-17 09:28:49:     password_confirm = CharField(label='Confirm Password', write_only=True)
2025-06-17 09:28:49:     telegram_id = IntegerField(label='Telegram ID', max_value=9223372036854775807, min_value=-9223372036854775808)
2025-06-17 09:28:49:     first_name = CharField(allow_blank=True, label='First Name', max_length=64, required=False)
2025-06-17 09:28:49:     last_name = CharField(allow_blank=True, label='Last Name', max_length=64, required=False)
2025-06-17 09:28:49:     telegram_username = CharField(allow_blank=True, label='Telegram Username', max_length=32, required=False)
2025-06-17 09:28:49:     language_code = CharField(allow_blank=True, label='Language Code', max_length=10, required=False)
2025-06-17 09:28:49:     is_bot = BooleanField(label='Is Bot', required=False)
2025-06-17 09:28:49:     created_at = DateTimeField(label='Created At', read_only=True)
2025-06-17 09:28:49:     updated_at = DateTimeField(label='Updated At', read_only=True)
2025-06-17 09:28:49:     groups = PrimaryKeyRelatedField(many=True, queryset=Group.objects.all(), required=False)
2025-06-17 09:28:49:     user_permissions = PrimaryKeyRelatedField(many=True, queryset=Permission.objects.all(), required=False)
2025-06-17 09:28:49:     is_active = BooleanField(help_text='Designates whether this user should be treated as active. Unselect this instead of deleting accounts.', label='Active', required=False)
2025-06-17 09:28:49:     is_staff = BooleanField(help_text='Designates whether the user can log into this admin site.', label='Staff status', required=False)
2025-06-17 09:28:49:     is_superuser = BooleanField(help_text='Designates that this user has all permissions without explicitly assigning them.', label='Superuser status', required=False)
2025-06-17 09:28:49:     last_login = DateTimeField(allow_null=True, required=False)
2025-06-17 09:28:49:     date_joined = DateTimeField(required=False)
2025-06-17 09:28:49:     phone = CharField(allow_blank=True, max_length=32, required=False)
